> Task :app:checkKotlinGradlePluginConfigurationErrors SKIPPED
> Task :app:preBuild UP-TO-DATE
> Task :app:preDebugBuild UP-TO-DATE
> Task :app:generateDebugBuildConfig UP-TO-DATE
> Task :app:checkDebugAarMetadata UP-TO-DATE
> Task :app:processDebugNavigationResources UP-TO-DATE
> Task :app:compileDebugNavigationResources UP-TO-DATE
> Task :app:generateDebugResValues UP-TO-DATE
> Task :app:processDebugGoogleServices UP-TO-DATE
> Task :app:mapDebugSourceSetPaths UP-TO-DATE
> Task :app:generateDebugResources UP-TO-DATE
> Task :app:mergeDebugResources UP-TO-DATE
> Task :app:packageDebugResources UP-TO-DATE
> Task :app:parseDebugLocalResources UP-TO-DATE
> Task :app:createDebugCompatibleScreenManifests UP-TO-DATE
> Task :app:extractDeepLinksDebug UP-TO-DATE
> Task :app:processDebugMainManifest UP-TO-DATE
> Task :app:processDebugManifest UP-TO-DATE
> Task :app:processDebugManifestForPackage UP-TO-DATE
> Task :app:processDebugResources UP-TO-DATE
> Task :app:kspDebugKotlin FROM-CACHE

> Task :app:compileDebugKotlin FAILED
.\gradlew.bat : e: file:///D:/AI/YCJY/app/sr
c/main/java/com/example/yjcy/MainActivity.kt
:371:21 Unresolved reference 'PrivacyPolicyD
ialog'.
所在位置 行:1 字符: 16
+ ... d:\AI\YCJY; .\gradlew.bat :app:compile
DebugKotlin 2>&1 > compile_outp ...
+                 ~~~~~~~~~~~~~~~~~~~~~~~~~~
~~~~~~~~~~~~~~~~~~~~~~~~~~~~~~~
    + CategoryInfo          : NotSpecified: 
    (e: file:///D:/A...yPolicyDialog'.:Str  
  ing) [], RemoteException
    + FullyQualifiedErrorId : NativeCommand 
   Error
 
e: file:///D:/AI/YCJY/app/src/main/java/com/
example/yjcy/MainActivity.kt:414:29 Unresolv
ed reference 'GameSetupScreen'.
e: file:///D:/AI/YCJY/app/src/main/java/com/
example/yjcy/MainActivity.kt:432:29 Unresolv
ed reference 'GameScreen'.
e: file:///D:/AI/YCJY/app/src/main/java/com/
example/yjcy/MainActivity.kt:435:29 Unresolv
ed reference 'ContinueScreen'.
e: file:///D:/AI/YCJY/app/src/main/java/com/
example/yjcy/MainActivity.kt:438:29 Unresolv
ed reference 'SettingsScreen'.
e: file:///D:/AI/YCJY/app/src/main/java/com/
example/yjcy/MainActivity.kt:443:43 Cannot i
nfer type for type parameter 'T'. Specify it
 explicitly.
e: file:///D:/AI/YCJY/app/src/main/java/com/
example/yjcy/MainActivity.kt:443:54 Unresolv
ed reference 'SaveManager'.
e: file:///D:/AI/YCJY/app/src/main/java/com/
example/yjcy/MainActivity.kt:450:53 Unresolv
ed reference 'getAllSavesAsync'.
e: file:///D:/AI/YCJY/app/src/main/java/com/
example/yjcy/MainActivity.kt:456:68 Cannot i
nfer type for value parameter 'saveData'. Sp
ecify it explicitly.
e: file:///D:/AI/YCJY/app/src/main/java/com/
example/yjcy/MainActivity.kt:458:46 Unresolv
ed reference 'money'.
e: file:///D:/AI/YCJY/app/src/main/java/com/
example/yjcy/MainActivity.kt:459:61 Unresolv
ed reference 'money'.
e: file:///D:/AI/YCJY/app/src/main/java/com/
example/yjcy/MainActivity.kt:463:42 Unresolv
ed reference 'unlockedAchievements'.
e: file:///D:/AI/YCJY/app/src/main/java/com/
example/yjcy/MainActivity.kt:463:73 Cannot i
nfer type for value parameter 'achievement'.
 Specify it explicitly.
e: file:///D:/AI/YCJY/app/src/main/java/com/
example/yjcy/MainActivity.kt:464:79 Unresolv
ed reference 'achievementId'.
e: file:///D:/AI/YCJY/app/src/main/java/com/
example/yjcy/MainActivity.kt:465:73 Unresolv
ed reference 'unlockTime'.
e: file:///D:/AI/YCJY/app/src/main/java/com/
example/yjcy/MainActivity.kt:466:68 Unresolv
ed reference 'achievementId'.
e: file:///D:/AI/YCJY/app/src/main/java/com/
example/yjcy/MainActivity.kt:499:33 Unresolv
ed reference 'AchievementScreen'.
e: file:///D:/AI/YCJY/app/src/main/java/com/
example/yjcy/MainActivity.kt:502:51 Cannot i
nfer type for type parameter 'K'. Specify it
 explicitly.
e: file:///D:/AI/YCJY/app/src/main/java/com/
example/yjcy/MainActivity.kt:502:51 Cannot i
nfer type for type parameter 'V'. Specify it
 explicitly.
e: file:///D:/AI/YCJY/app/src/main/java/com/
example/yjcy/MainActivity.kt:803:9 Unresolve
d reference 'FpsMonitor'.
e: file:///D:/AI/YCJY/app/src/main/java/com/
example/yjcy/MainActivity.kt:892:23 Cannot i
nfer type for type parameter 'T'. Specify it
 explicitly.
e: file:///D:/AI/YCJY/app/src/main/java/com/
example/yjcy/MainActivity.kt:892:34 Unresolv
ed reference 'SaveManager'.
e: file:///D:/AI/YCJY/app/src/main/java/com/
example/yjcy/MainActivity.kt:937:35 Unresolv
ed reference 'getAllSavesAsync'.
e: file:///D:/AI/YCJY/app/src/main/java/com/
example/yjcy/MainActivity.kt:984:9 Unresolve
d reference 'ModernGameBackground'.
e: file:///D:/AI/YCJY/app/src/main/java/com/
example/yjcy/MainActivity.kt:993:13 Unresolv
ed reference 'FpsMonitor'.
e: file:///D:/AI/YCJY/app/src/main/java/com/
example/yjcy/MainActivity.kt:1097:29 Cannot 
infer type for type parameter 'T'. Specify i
t explicitly.
e: file:///D:/AI/YCJY/app/src/main/java/com/
example/yjcy/MainActivity.kt:1098:17 Unresol
ved reference 'MenuItem'.
e: file:///D:/AI/YCJY/app/src/main/java/com/
example/yjcy/MainActivity.kt:1105:17 Unresol
ved reference 'MenuItem'.
e: file:///D:/AI/YCJY/app/src/main/java/com/
example/yjcy/MainActivity.kt:1113:17 Unresol
ved reference 'MenuItem'.
e: file:///D:/AI/YCJY/app/src/main/java/com/
example/yjcy/MainActivity.kt:1120:17 Unresol
ved reference 'MenuItem'.
e: file:///D:/AI/YCJY/app/src/main/java/com/
example/yjcy/MainActivity.kt:1145:33 Unresol
ved reference 'ModernMenuCard'.
e: file:///D:/AI/YCJY/app/src/main/java/com/
example/yjcy/MainActivity.kt:1920:5 Syntax e
rror: Expecting an element.
e: file:///D:/AI/YCJY/app/src/main/java/com/
example/yjcy/MainActivity.kt:2152:9 Unresolv
ed reference 'FpsMonitor'.
e: file:///D:/AI/YCJY/app/src/main/java/com/
example/yjcy/MainActivity.kt:2490:23 Cannot 
infer type for type parameter 'T'. Specify i
t explicitly.
e: file:///D:/AI/YCJY/app/src/main/java/com/
example/yjcy/MainActivity.kt:2490:34 Unresol
ved reference 'SaveManager'.
e: file:///D:/AI/YCJY/app/src/main/java/com/
example/yjcy/MainActivity.kt:3210:58 Unresol
ved reference 'saveGameAsync'.
e: file:///D:/AI/YCJY/app/src/main/java/com/
example/yjcy/MainActivity.kt:4323:13 Unresol
ved reference 'TopInfoBar'.
e: file:///D:/AI/YCJY/app/src/main/java/com/
example/yjcy/MainActivity.kt:4330:47 Unresol
ved reference 'it'.
e: file:///D:/AI/YCJY/app/src/main/java/com/
example/yjcy/MainActivity.kt:4349:30 Unresol
ved reference 'CompanyOverviewContent'.
e: file:///D:/AI/YCJY/app/src/main/java/com/
example/yjcy/MainActivity.kt:4659:17 Unresol
ved reference 'EnhancedBottomNavigationBar'.
e: file:///D:/AI/YCJY/app/src/main/java/com/
example/yjcy/MainActivity.kt:4661:39 Cannot 
infer type for value parameter 'newTab'. Spe
cify it explicitly.
e: file:///D:/AI/YCJY/app/src/main/java/com/
example/yjcy/MainActivity.kt:4676:13 Unresol
ved reference 'TournamentMenuDialog'.
e: file:///D:/AI/YCJY/app/src/main/java/com/
example/yjcy/MainActivity.kt:4692:13 Unresol
ved reference 'CompetitorMenuDialog'.
e: file:///D:/AI/YCJY/app/src/main/java/com/
example/yjcy/MainActivity.kt:5413:25 Unresol
ved reference 'InGameSettingsContent'.
e: file:///D:/AI/YCJY/app/src/main/java/com/
example/yjcy/MainActivity.kt:5432:59 Cannot 
infer type for value parameter 'enabled'. Sp
ecify it explicitly.
e: file:///D:/AI/YCJY/app/src/main/java/com/
example/yjcy/MainActivity.kt:5443:44 Cannot 
infer type for value parameter 'enabled'. Sp
ecify it explicitly.
e: file:///D:/AI/YCJY/app/src/main/java/com/
example/yjcy/MainActivity.kt:5447:57 Cannot 
infer type for value parameter 'enabled'. Sp
ecify it explicitly.
e: file:///D:/AI/YCJY/app/src/main/java/com/
example/yjcy/MainActivity.kt:5448:58 Cannot 
infer type for value parameter 'interval'. S
pecify it explicitly.
e: file:///D:/AI/YCJY/app/src/main/java/com/
example/yjcy/MainActivity.kt:5450:57 Cannot 
infer type for value parameter 'updatedCodes
'. Specify it explicitly.
e: file:///D:/AI/YCJY/app/src/main/java/com/
example/yjcy/MainActivity.kt:5473:54 Cannot 
infer type for value parameter 'skillLevel'.
 Specify it explicitly.
e: file:///D:/AI/YCJY/app/src/main/java/com/
example/yjcy/MainActivity.kt:5666:47 Cannot 
infer type for value parameter 'updatedMoney
'. Specify it explicitly.
e: file:///D:/AI/YCJY/app/src/main/java/com/
example/yjcy/MainActivity.kt:5985:13 Unresol
ved reference 'FeatureLockedDialog'.
e: file:///D:/AI/YCJY/app/src/main/java/com/
example/yjcy/MainActivity.kt:6137:17 Unresol
ved reference 'GameSpeedDropdown'.
e: file:///D:/AI/YCJY/app/src/main/java/com/
example/yjcy/MainActivity.kt:6147:17 Unresol
ved reference 'FpsMonitor'.
e: file:///D:/AI/YCJY/app/src/main/java/com/
example/yjcy/MainActivity.kt:6339:13 Unresol
ved reference 'CompanyInfoCard'.
e: file:///D:/AI/YCJY/app/src/main/java/com/
example/yjcy/MainActivity.kt:6353:17 Unresol
ved reference 'CompanyInfoCard'.
e: file:///D:/AI/YCJY/app/src/main/java/com/
example/yjcy/MainActivity.kt:6561:13 Unresol
ved reference 'CompanyInfoCardWithYearSelect
or'.
e: file:///D:/AI/YCJY/app/src/main/java/com/
example/yjcy/MainActivity.kt:6565:58 Unresol
ved reference 'it'.
e: file:///D:/AI/YCJY/app/src/main/java/com/
example/yjcy/MainActivity.kt:6568:21 Unresol
ved reference 'ExpandableFinancialItem'.
e: file:///D:/AI/YCJY/app/src/main/java/com/
example/yjcy/MainActivity.kt:6573:64 Unresol
ved reference 'it'.
e: file:///D:/AI/YCJY/app/src/main/java/com/
example/yjcy/MainActivity.kt:6577:21 @Compos
able invocations can only happen from the co
ntext of a @Composable function
e: file:///D:/AI/YCJY/app/src/main/java/com/
example/yjcy/MainActivity.kt:6580:21 Unresol
ved reference 'ExpandableFinancialItem'.
e: file:///D:/AI/YCJY/app/src/main/java/com/
example/yjcy/MainActivity.kt:6585:64 Unresol
ved reference 'it'.
e: file:///D:/AI/YCJY/app/src/main/java/com/
example/yjcy/MainActivity.kt:6589:21 @Compos
able invocations can only happen from the co
ntext of a @Composable function
e: file:///D:/AI/YCJY/app/src/main/java/com/
example/yjcy/MainActivity.kt:6592:21 @Compos
able invocations can only happen from the co
ntext of a @Composable function
e: file:///D:/AI/YCJY/app/src/main/java/com/
example/yjcy/MainActivity.kt:6994:13 Unresol
ved reference 'EnhancedBottomNavItem'.
e: file:///D:/AI/YCJY/app/src/main/java/com/
example/yjcy/MainActivity.kt:7001:13 Unresol
ved reference 'EnhancedBottomNavItem'.
e: file:///D:/AI/YCJY/app/src/main/java/com/
example/yjcy/MainActivity.kt:7009:13 Unresol
ved reference 'EnhancedBottomNavItem'.
e: file:///D:/AI/YCJY/app/src/main/java/com/
example/yjcy/MainActivity.kt:7017:13 Unresol
ved reference 'EnhancedBottomNavItem'.
e: file:///D:/AI/YCJY/app/src/main/java/com/
example/yjcy/MainActivity.kt:7024:13 Unresol
ved reference 'EnhancedBottomNavItem'.
e: file:///D:/AI/YCJY/app/src/main/java/com/
example/yjcy/MainActivity.kt:7031:13 Unresol
ved reference 'EnhancedBottomNavItem'.
e: file:///D:/AI/YCJY/app/src/main/java/com/
example/yjcy/MainActivity.kt:7106:23 Cannot 
infer type for type parameter 'T'. Specify i
t explicitly.
e: file:///D:/AI/YCJY/app/src/main/java/com/
example/yjcy/MainActivity.kt:7106:34 Unresol
ved reference 'SaveManager'.
e: file:///D:/AI/YCJY/app/src/main/java/com/
example/yjcy/MainActivity.kt:7117:29 Unresol
ved reference 'getAllSavesAsync'.
e: file:///D:/AI/YCJY/app/src/main/java/com/
example/yjcy/MainActivity.kt:7148:9 Unresolv
ed reference 'FpsMonitor'.
e: file:///D:/AI/YCJY/app/src/main/java/com/
example/yjcy/MainActivity.kt:7194:21 Unresol
ved reference 'SaveSlotCard'.
e: file:///D:/AI/YCJY/app/src/main/java/com/
example/yjcy/MainActivity.kt:7197:40 Cannot 
infer type for value parameter 'saveData'. S
pecify it explicitly.
e: file:///D:/AI/YCJY/app/src/main/java/com/
example/yjcy/MainActivity.kt:7201:69 Unresol
ved reference 'companyName'.
e: file:///D:/AI/YCJY/app/src/main/java/com/
example/yjcy/MainActivity.kt:7201:93 Unresol
ved reference 'founderName'.
e: file:///D:/AI/YCJY/app/src/main/java/com/
example/yjcy/MainActivity.kt:7201:117 Unreso
lved reference 'companyLogo'.
e: file:///D:/AI/YCJY/app/src/main/java/com/
example/yjcy/MainActivity.kt:7201:141 Unreso
lved reference 'founderProfession'.
e: file:///D:/AI/YCJY/app/src/main/java/com/
example/yjcy/MainActivity.kt:7224:13 Unresol
ved reference 'DeleteSaveConfirmDialog'.
e: file:///D:/AI/YCJY/app/src/main/java/com/
example/yjcy/MainActivity.kt:7233:37 Unresol
ved reference 'deleteSaveAsync'.
e: file:///D:/AI/YCJY/app/src/main/java/com/
example/yjcy/MainActivity.kt:7236:45 Unresol
ved reference 'getAllSavesAsync'.
e: file:///D:/AI/YCJY/app/src/main/java/com/
example/yjcy/MainActivity.kt:7492:9 Unresolv
ed reference 'FpsMonitor'.
e: file:///D:/AI/YCJY/app/src/main/java/com/
example/yjcy/MainActivity.kt:7596:21 Unresol
ved reference 'AchievementCard'.
e: file:///D:/AI/YCJY/app/src/main/java/com/
example/yjcy/MainActivity.kt:7724:9 Unresolv
ed reference 'FpsMonitor'.
e: file:///D:/AI/YCJY/app/src/main/java/com/
example/yjcy/MainActivity.kt:7765:5 Modifier
 'companion' is not applicable inside 'local
 class'.
e: file:///D:/AI/YCJY/app/src/main/java/com/
example/yjcy/MainActivity.kt:7893:61 Cannot 
access 'val MAX_DAILY_SALES_DAYS: Int': it i
s private in file.
e: file:///D:/AI/YCJY/app/src/main/java/com/
example/yjcy/MainActivity.kt:7894:72 Cannot 
access 'val MAX_DAILY_SALES_DAYS: Int': it i
s private in file.
e: file:///D:/AI/YCJY/app/src/main/java/com/
example/yjcy/MainActivity.kt:7923:72 Cannot 
access 'val MAX_COMPETITOR_NEWS: Int': it is
 private in file.
e: file:///D:/AI/YCJY/app/src/main/java/com/
example/yjcy/MainActivity.kt:7924:46 Cannot 
access 'val MAX_COMPETITOR_NEWS: Int': it is
 private in file.
e: file:///D:/AI/YCJY/app/src/main/java/com/
example/yjcy/MainActivity.kt:7955:68 Unresol
ved reference 'SaveResult'.
e: file:///D:/AI/YCJY/app/src/main/java/com/
example/yjcy/MainActivity.kt:7955:81 Cannot 
infer type for type parameter 'T'. Specify i
t explicitly.
e: file:///D:/AI/YCJY/app/src/main/java/com/
example/yjcy/MainActivity.kt:7994:13 Unresol
ved reference 'SaveResult'.
e: file:///D:/AI/YCJY/app/src/main/java/com/
example/yjcy/MainActivity.kt:8002:13 Unresol
ved reference 'SaveResult'.
e: file:///D:/AI/YCJY/app/src/main/java/com/
example/yjcy/MainActivity.kt:8008:13 Unresol
ved reference 'SaveResult'.
e: file:///D:/AI/YCJY/app/src/main/java/com/
example/yjcy/MainActivity.kt:9015:75 Unresol
ved reference 'success'.
e: file:///D:/AI/YCJY/app/src/main/java/com/
example/yjcy/MainActivity.kt:9015:100 Unreso
lved reference 'errorMessage'.
e: file:///D:/AI/YCJY/app/src/main/java/com/
example/yjcy/MainActivity.kt:9018:48 Unresol
ved reference 'success'.
e: file:///D:/AI/YCJY/app/src/main/java/com/
example/yjcy/MainActivity.kt:9019:75 Unresol
ved reference 'originalSizeKB'.
e: file:///D:/AI/YCJY/app/src/main/java/com/
example/yjcy/MainActivity.kt:9020:57 Unresol
ved reference 'compressedSizeKB'.
e: file:///D:/AI/YCJY/app/src/main/java/com/
example/yjcy/MainActivity.kt:9020:83 Unresol
ved reference 'originalSizeKB'.
e: file:///D:/AI/YCJY/app/src/main/java/com/
example/yjcy/MainActivity.kt:9022:111 Unreso
lved reference 'originalSizeKB'.
e: file:///D:/AI/YCJY/app/src/main/java/com/
example/yjcy/MainActivity.kt:9022:179 Unreso
lved reference 'compressedSizeKB'.
e: file:///D:/AI/YCJY/app/src/main/java/com/
example/yjcy/MainActivity.kt:9029:72 Unresol
ved reference 'errorMessage'.
e: file:///D:/AI/YCJY/app/src/main/java/com/
example/yjcy/MainActivity.kt:9153:87 Unresol
ved reference 'success'.
e: file:///D:/AI/YCJY/app/src/main/java/com/
example/yjcy/MainActivity.kt:9153:112 Unreso
lved reference 'errorMessage'.
e: file:///D:/AI/YCJY/app/src/main/java/com/
example/yjcy/MainActivity.kt:9156:60 Unresol
ved reference 'success'.
e: file:///D:/AI/YCJY/app/src/main/java/com/
example/yjcy/MainActivity.kt:9157:87 Unresol
ved reference 'originalSizeKB'.
e: file:///D:/AI/YCJY/app/src/main/java/com/
example/yjcy/MainActivity.kt:9158:69 Unresol
ved reference 'compressedSizeKB'.
e: file:///D:/AI/YCJY/app/src/main/java/com/
example/yjcy/MainActivity.kt:9158:95 Unresol
ved reference 'originalSizeKB'.
e: file:///D:/AI/YCJY/app/src/main/java/com/
example/yjcy/MainActivity.kt:9160:123 Unreso
lved reference 'originalSizeKB'.
e: file:///D:/AI/YCJY/app/src/main/java/com/
example/yjcy/MainActivity.kt:9160:191 Unreso
lved reference 'compressedSizeKB'.
e: file:///D:/AI/YCJY/app/src/main/java/com/
example/yjcy/MainActivity.kt:9166:84 Unresol
ved reference 'errorMessage'.
e: file:///D:/AI/YCJY/app/src/main/java/com/
example/yjcy/MainActivity.kt:9952:1 Modifier
 'private' is not applicable to 'local funct
ion'.
e: file:///D:/AI/YCJY/app/src/main/java/com/
example/yjcy/MainActivity.kt:10130:2 Syntax 
error: Expecting '}'.
e: file:///D:/AI/YCJY/app/src/main/java/com/
example/yjcy/ui/SecretaryChatScreen.kt:34:25
 Unresolved reference 'FpsMonitor'.
e: file:///D:/AI/YCJY/app/src/main/java/com/
example/yjcy/ui/SecretaryChatScreen.kt:232:9
 Unresolved reference 'FpsMonitor'.
e: file:///D:/AI/YCJY/app/src/main/java/com/
example/yjcy/ui/SubsidiaryScreen.kt:24:25 Un
resolved reference 'TopInfoBar'.
e: file:///D:/AI/YCJY/app/src/main/java/com/
example/yjcy/ui/SubsidiaryScreen.kt:76:9 Unr
esolved reference 'TopInfoBar'.

FAILURE: Build failed with an exception.

* What went wrong:
Execution failed for task ':app:compileDebug
Kotlin'.
> A failure occurred while executing org.jet
brains.kotlin.compilerRunner.GradleCompilerR
unnerWithWorkers$GradleKotlinCompilerWorkAct
ion
   > Compilation error. See log for more det
ails

* Try:
> Run with --stacktrace option to get the st
ack trace.
> Run with --info or --debug option to get m
ore log output.
> Run with --scan to get full insights.
> Get more help at https://help.gradle.org.

BUILD FAILED in 5s
19 actionable tasks: 1 executed, 1 from cache, 17 up-to-date
